-----------------------------------------------
      name:  <unnamed>
       log:  D:\OneDrive - Universidad de los a
> ndes\EPP\Talleres\Do\Eval_PP\taller3_grupo4.l
> og
  log type:  text
 opened on:  21 Sep 2024, 15:35:56

. 
. use "taller_3_base - Copy.dta", clear

. 
end of do-file

. br

. do "C:\Users\POWER\AppData\Local\Temp\STD85c4
> _000000.tmp"

. *Punto 5 ------------------------------------
> -----------------------------------
. *Calcule el impacto del programa sobre si el 
> hogar tenía una cuenta activa de bKash (activ
> e_account) y dos resultados de interés: sufic
> iencia calórica  (normal_calorie_sufficiency)
> , y asistencia escolar (attendance).  Para ca
> da variable de resultado, estimen primero los
>  resultados sin controles (primera columna), 
> y después controlando por las siguientes vari
> ables: sexo, edad, si el jefe de hogar comple
> tó primaria, y el tamaño del hogar  (segunda 
> columna de cada resultado).
. {
. global controles hohh_female hohh_age hohh_co
> mpleted_primary household_size_b
. 
. *Regresión básica - Cuenta activa
. reg active_account treatment,r

Linear regression                              
>  Number of obs     =        813
                                               
>  F(1, 811)         =     247.53
                                               
>  Prob > F          =     0.0000
                                               
>  R-squared         =     0.2334
                                               
>  Root MSE          =     .43707

-----------------------------------------------
> -------------------------------
             |               Robust
active_acc~t | Coefficient  std. err.      t   
>  P>|t|                                       
>            [95% con                          
>                    f. interval]
-------------+---------------------------------
> -------------------------------
   treatment |   .4818245   .0306249    15.73  
>  0.000                                       
>            .4217111                          
>                        .5419378
       _cons |   .2189055   .0206491    10.60  
>  0.000                                       
>            .1783734                          
>                        .2594375
-----------------------------------------------
> -------------------------------
. est sto r1 
. 
. *Regresión con controles - Cuenta activa 
. reg active_account treatment ${controles},r

Linear regression                              
>  Number of obs     =        813
                                               
>  F(5, 807)         =      54.54
                                               
>  Prob > F          =     0.0000
                                               
>  R-squared         =     0.2420
                                               
>  Root MSE          =      .4357

-----------------------------------------------
> -------------------------------
             |               Robust
active_acc~t | Coefficient  std. err.      t   
>  P>|t|                                       
>            [95% con                          
>                    f. interval]
-------------+---------------------------------
> -------------------------------
   treatment |   .4834017   .0305696    15.81  
>  0.000                                       
>            .4233964                          
>                         .543407
 hohh_female |   .1044925   .0510385     2.05  
>  0.041                                       
>            .0043088                          
>                        .2046763
    hohh_age |  -.0019787   .0012353    -1.60  
>  0.110                                       
>           -.0044035                          
>                        .0004461
hohh_compl~y |    .062452   .0420511     1.49  
>  0.138                                       
>           -.0200905                          
>                        .1449945
househol~e_b |   .0114977   .0103139     1.11  
>  0.265                                       
>           -.0087475                          
>                        .0317429
       _cons |   .2428445   .0642655     3.78  
>  0.000                                       
>            .1166972                          
>                        .3689917
-----------------------------------------------
> -------------------------------
. est sto r4 
. 
. *Regresión básica - Suficiencia Calorica
. reg normal_calorie_sufficiency treatment,r

Linear regression                              
>  Number of obs     =        813
                                               
>  F(1, 811)         =       3.49
                                               
>  Prob > F          =     0.0623
                                               
>  R-squared         =     0.0043
                                               
>  Root MSE          =     123.87

-----------------------------------------------
> -------------------------------
             |               Robust
no~fficiency | Coefficient  std. err.      t   
>  P>|t|                                       
>            [95% con                          
>                    f. interval]
-------------+---------------------------------
> -------------------------------
   treatment |   16.22284   8.689892     1.87  
>  0.062                                       
>            -.834494                          
>                        33.28017
       _cons |   -275.433   6.199671   -44.43  
>  0.000                                       
>           -287.6023                          
>                       -263.2637
-----------------------------------------------
> -------------------------------
. est sto r2
. 
. *Regresión con controles - Suficiencia Calori
> ca
. reg normal_calorie_sufficiency treatment ${co
> ntroles},r

Linear regression                              
>  Number of obs     =        813
                                               
>  F(5, 807)         =      98.64
                                               
>  Prob > F          =     0.0000
                                               
>  R-squared         =     0.4418
                                               
>  Root MSE          =     92.978

-----------------------------------------------
> -------------------------------
             |               Robust
no~fficiency | Coefficient  std. err.      t   
>  P>|t|                                       
>            [95% con                          
>                    f. interval]
-------------+---------------------------------
> -------------------------------
   treatment |   14.33246   6.574214     2.18  
>  0.030                                       
>            1.427884                          
>                        27.23704
 hohh_female |   63.66007   9.687236     6.57  
>  0.000                                       
>            44.64492                          
>                        82.67522
    hohh_age |  -.6198895   .2527786    -2.45  
>  0.014                                       
>           -1.116071                          
>                       -.1237083
hohh_compl~y |   .8155021   9.831444     0.08  
>  0.934                                       
>           -18.48272                          
>                        20.11372
househol~e_b |  -44.80443   2.639366   -16.98  
>  0.000                                       
>           -49.98527                          
>                        -39.6236
       _cons |  -83.26966   14.17956    -5.87  
>  0.000                                       
>           -111.1028                          
>                       -55.43649
-----------------------------------------------
> -------------------------------
. est sto r5
. 
. 
. *Regresión básica - Asistencia escolar
. reg attendance treatment, r

Linear regression                              
>  Number of obs     =        397
                                               
>  F(1, 395)         =       0.47
                                               
>  Prob > F          =     0.4930
                                               
>  R-squared         =     0.0012
                                               
>  Root MSE          =     .46734

-----------------------------------------------
> -------------------------------
             |               Robust
  attendance | Coefficient  std. err.      t   
>  P>|t|                                       
>            [95% con                          
>                    f. interval]
-------------+---------------------------------
> -------------------------------
   treatment |    .032203   .0469331     0.69  
>  0.493                                       
>           -.0600669                          
>                        .1244728
       _cons |   .3027027   .0338632     8.94  
>  0.000                                       
>            .2361281                          
>                        .3692773
-----------------------------------------------
> -------------------------------
. est sto r3
. 
. *Regresión con controles - Asistencia escolar
. reg attendance treatment ${controles},r

Linear regression                              
>  Number of obs     =        397
                                               
>  F(5, 391)         =       2.39
                                               
>  Prob > F          =     0.0377
                                               
>  R-squared         =     0.0320
                                               
>  Root MSE          =     .46241

-----------------------------------------------
> -------------------------------
             |               Robust
  attendance | Coefficient  std. err.      t   
>  P>|t|                                       
>            [95% con                          
>                    f. interval]
-------------+---------------------------------
> -------------------------------
   treatment |   .0219891   .0470423     0.47  
>  0.640                                       
>           -.0704985                          
>                        .1144767
 hohh_female |   -.008588    .076389    -0.11  
>  0.911                                       
>           -.1587726                          
>                        .1415966
    hohh_age |  -.0032794   .0021437    -1.53  
>  0.127                                       
>            -.007494                          
>                        .0009351
hohh_compl~y |   .1638128   .0631869     2.59  
>  0.010                                       
>            .0395843                          
>                        .2880413
househol~e_b |  -.0005197   .0157263    -0.03  
>  0.974                                       
>           -.0314385                          
>                         .030399
       _cons |   .4324553   .1107059     3.91  
>  0.000                                       
>            .2148021                          
>                        .6501086
-----------------------------------------------
> -------------------------------
. est sto r6 
. 
. 
. esttab r* , b(3) se(3) star(* 0.10 ** 0.05 **
> * 0.01) stats(N r2) drop(_cons ${controles}),
>  using "resultados.doc",rtf replace
(file resultados.doc not found)
(output written to resultados.doc)
. 
. }

. 
end of do-file

. do "C:\Users\POWER\AppData\Local\Temp\STD85c4_000000.tmp"

. *Calcule el impacto del programa sobre si el hogar tenía una cuenta activa de bKash (active_account) y dos resultados de interés: suficiencia calórica 
>  (normal_calorie_sufficiency), y asistencia escolar (attendance).  Para cada variable de resultado, estimen primero los resultados sin controles (prime
> ra columna), y después controlando por las siguientes variables: sexo, edad, si el jefe de hogar completó primaria, y el tamaño del hogar  (segunda col
> umna de cada resultado).
. {
. global controles hohh_female hohh_age hohh_completed_primary household_size_b
. 
. *Regresión básica - Cuenta activa
. reg active_account treatment,r

Linear regression                               Number of obs     =        813
                                                F(1, 811)         =     247.53
                                                Prob > F          =     0.0000
                                                R-squared         =     0.2334
                                                Root MSE          =     .43707

------------------------------------------------------------------------------
             |               Robust
active_acc~t | Coefficient  std. err.      t    P>|t|     [95% conf. interval]
-------------+----------------------------------------------------------------
   treatment |   .4818245   .0306249    15.73   0.000     .4217111    .5419378
       _cons |   .2189055   .0206491    10.60   0.000     .1783734    .2594375
------------------------------------------------------------------------------
. est sto r1 
. 
. *Regresión con controles - Cuenta activa 
. reg active_account treatment ${controles},r

Linear regression                               Number of obs     =        813
                                                F(5, 807)         =      54.54
                                                Prob > F          =     0.0000
                                                R-squared         =     0.2420
                                                Root MSE          =      .4357

----------------------------------------------------------------------------------------
                       |               Robust
        active_account | Coefficient  std. err.      t    P>|t|     [95% conf. interval]
-----------------------+----------------------------------------------------------------
             treatment |   .4834017   .0305696    15.81   0.000     .4233964     .543407
           hohh_female |   .1044925   .0510385     2.05   0.041     .0043088    .2046763
              hohh_age |  -.0019787   .0012353    -1.60   0.110    -.0044035    .0004461
hohh_completed_primary |    .062452   .0420511     1.49   0.138    -.0200905    .1449945
      household_size_b |   .0114977   .0103139     1.11   0.265    -.0087475    .0317429
                 _cons |   .2428445   .0642655     3.78   0.000     .1166972    .3689917
----------------------------------------------------------------------------------------
. est sto r4 
. 
. *Regresión básica - Suficiencia Calorica
. reg normal_calorie_sufficiency treatment,r

Linear regression                               Number of obs     =        813
                                                F(1, 811)         =       3.49
                                                Prob > F          =     0.0623
                                                R-squared         =     0.0043
                                                Root MSE          =     123.87

------------------------------------------------------------------------------
             |               Robust
no~fficiency | Coefficient  std. err.      t    P>|t|     [95% conf. interval]
-------------+----------------------------------------------------------------
   treatment |   16.22284   8.689892     1.87   0.062     -.834494    33.28017
       _cons |   -275.433   6.199671   -44.43   0.000    -287.6023   -263.2637
------------------------------------------------------------------------------
. est sto r2
. 
. *Regresión con controles - Suficiencia Calorica
. reg normal_calorie_sufficiency treatment ${controles},r

Linear regression                               Number of obs     =        813
                                                F(5, 807)         =      98.64
                                                Prob > F          =     0.0000
                                                R-squared         =     0.4418
                                                Root MSE          =     92.978

----------------------------------------------------------------------------------------
                       |               Robust
normal_calorie_suffi~y | Coefficient  std. err.      t    P>|t|     [95% conf. interval]
-----------------------+----------------------------------------------------------------
             treatment |   14.33246   6.574214     2.18   0.030     1.427884    27.23704
           hohh_female |   63.66007   9.687236     6.57   0.000     44.64492    82.67522
              hohh_age |  -.6198895   .2527786    -2.45   0.014    -1.116071   -.1237083
hohh_completed_primary |   .8155021   9.831444     0.08   0.934    -18.48272    20.11372
      household_size_b |  -44.80443   2.639366   -16.98   0.000    -49.98527    -39.6236
                 _cons |  -83.26966   14.17956    -5.87   0.000    -111.1028   -55.43649
----------------------------------------------------------------------------------------
. est sto r5
. 
. 
. *Regresión básica - Asistencia escolar
. reg attendance treatment, r

Linear regression                               Number of obs     =        397
                                                F(1, 395)         =       0.47
                                                Prob > F          =     0.4930
                                                R-squared         =     0.0012
                                                Root MSE          =     .46734

------------------------------------------------------------------------------
             |               Robust
  attendance | Coefficient  std. err.      t    P>|t|     [95% conf. interval]
-------------+----------------------------------------------------------------
   treatment |    .032203   .0469331     0.69   0.493    -.0600669    .1244728
       _cons |   .3027027   .0338632     8.94   0.000     .2361281    .3692773
------------------------------------------------------------------------------
. est sto r3
. 
. *Regresión con controles - Asistencia escolar
. reg attendance treatment ${controles},r

Linear regression                               Number of obs     =        397
                                                F(5, 391)         =       2.39
                                                Prob > F          =     0.0377
                                                R-squared         =     0.0320
                                                Root MSE          =     .46241

----------------------------------------------------------------------------------------
                       |               Robust
            attendance | Coefficient  std. err.      t    P>|t|     [95% conf. interval]
-----------------------+----------------------------------------------------------------
             treatment |   .0219891   .0470423     0.47   0.640    -.0704985    .1144767
           hohh_female |   -.008588    .076389    -0.11   0.911    -.1587726    .1415966
              hohh_age |  -.0032794   .0021437    -1.53   0.127     -.007494    .0009351
hohh_completed_primary |   .1638128   .0631869     2.59   0.010     .0395843    .2880413
      household_size_b |  -.0005197   .0157263    -0.03   0.974    -.0314385     .030399
                 _cons |   .4324553   .1107059     3.91   0.000     .2148021    .6501086
----------------------------------------------------------------------------------------
. est sto r6 
. 
. 
. esttab r* , b(3) se(3) star(* 0.10 ** 0.05 *** 0.01) stats(N r2) drop(_cons ${controles}), using "resultados.doc",rtf replace
file resultados.doc is read-only; cannot be modified or erased
r(608);
. 
. }
r(608);

end of do-file

r(608);

. do "C:\Users\POWER\AppData\Local\Temp\STD85c4_000000.tmp"

. * Crear la variable de interacción:
. gen treatment_female_study = treatment * hohh_female

. 
end of do-file

. do "C:\Users\POWER\AppData\Local\Temp\STD85c4_000000.tmp"

. label variable treatment_female "Jefe mujer"

. 
end of do-file

. do "C:\Users\POWER\AppData\Local\Temp\STD85c4_000000.tmp"

. 
. reg study_hour treatment hohh_female treatment_female, r

Linear regression                               Number of obs     =        397
                                                F(3, 393)         =       2.16
                                                Prob > F          =     0.0924
                                                R-squared         =     0.0157
                                                Root MSE          =      1.461

----------------------------------------------------------------------------------------
                       |               Robust
            study_hour | Coefficient  std. err.      t    P>|t|     [95% conf. interval]
-----------------------+----------------------------------------------------------------
             treatment |   .3480295   .1538341     2.26   0.024     .0455889    .6504702
           hohh_female |   .2977273   .3339325     0.89   0.373    -.3587902    .9542447
treatment_female_study |  -.8151348   .4627563    -1.76   0.079    -1.724922    .0946527
                 _cons |   2.327273   .1032033    22.55   0.000     2.124373    2.530172
----------------------------------------------------------------------------------------

. 
end of do-file

. do "C:\Users\POWER\AppData\Local\Temp\STD85c4_000000.tmp"

. eststo heterogeneity

. esttab heterogeneity, b(3) se(3) star(* 0.10 ** 0.05 *** 0.01) stats(N r2) drop(_cons) using "resultados_heterogeneos.doc", rtf replace label
invalid 'rtf' 
r(198);

end of do-file

r(198);

. do "C:\Users\POWER\AppData\Local\Temp\STD85c4_000000.tmp"

. eststo heterogeneity

. esttab heterogeneity, b(3) se(3) star(* 0.10 ** 0.05 *** 0.01) stats(N r2) drop(_cons) using "resultados_heterogeneos.doc", rtf replace
invalid 'rtf' 
r(198);

end of do-file

r(198);

. do "C:\Users\POWER\AppData\Local\Temp\STD85c4_000000.tmp"

. eststo heterogeneity

. esttab heterogeneity, b(3) se(3) star(* 0.10 ** 0.05 *** 0.01) stats(N r2) drop(_cons) using "resultados_heterogeneos.doc",rtf replace
invalid 'rtf' 
r(198);

end of do-file

r(198);

. do "C:\Users\POWER\AppData\Local\Temp\STD85c4_000000.tmp"

. eststo heterogeneity

. esttab heterogeneity, b(3) se(3) star(* 0.10 ** 0.05 *** 0.01) stats(N r2), using "resultados_heterogeneos.doc",rtf replace label
(file resultados_heterogeneos.doc not found)
(output written to resultados_heterogeneos.doc)

. 
end of do-file

. do "C:\Users\POWER\AppData\Local\Temp\STD85c4_000000.tmp"

. * Crear la variable de interacción:
. label variable hohh_female "Jefe del hogar es mujer"

. 
end of do-file

. do "C:\Users\POWER\AppData\Local\Temp\STD85c4_000000.tmp"

. label variable treatment_female "Capacitación * Jefe mujer"

. 
end of do-file

. do "C:\Users\POWER\AppData\Local\Temp\STD85c4_000000.tmp"

. reg study_hour treatment hohh_female treatment_female, r

Linear regression                               Number of obs     =        397
                                                F(3, 393)         =       2.16
                                                Prob > F          =     0.0924
                                                R-squared         =     0.0157
                                                Root MSE          =      1.461

----------------------------------------------------------------------------------------
                       |               Robust
            study_hour | Coefficient  std. err.      t    P>|t|     [95% conf. interval]
-----------------------+----------------------------------------------------------------
             treatment |   .3480295   .1538341     2.26   0.024     .0455889    .6504702
           hohh_female |   .2977273   .3339325     0.89   0.373    -.3587902    .9542447
treatment_female_study |  -.8151348   .4627563    -1.76   0.079    -1.724922    .0946527
                 _cons |   2.327273   .1032033    22.55   0.000     2.124373    2.530172
----------------------------------------------------------------------------------------

. eststo heterogeneity

. esttab heterogeneity, b(3) se(3) star(* 0.10 ** 0.05 *** 0.01) stats(N r2), using "resultados_heterogeneos.doc",rtf replace label
(output written to resultados_heterogeneos.doc)

. 
end of do-file

